    Finished `release` profile [optimized] target(s) in 7.01s
